2026-08-18 05:40:28,377 | INFO | ======================================================================
2026-08-18 05:40:28,377 | INFO | Initializing Ophelia Trading Platform
2026-08-18 05:40:28,378 | INFO | ======================================================================
2026-08-18 05:40:28,378 | INFO | Loaded Phase 7 Decision Thresholds for Shadow Mode.
2026-08-18 05:40:28,378 | INFO | Execution mode: PAPER
2026-08-18 05:40:28,379 | INFO | Initialization Complete
2026-08-18 05:40:28,379 | INFO | Watching 4 Coins
2026-08-18 05:40:28,379 | INFO | Trading Engine Ready
2026-08-18 05:40:28,379 | INFO | Trading Engine Started
2026-08-18 05:40:28,951 | INFO | [InstWS] Connected to BingX Market Data WS
2026-08-18 05:45:00,000 | INFO | ======================================================================
2026-08-18 05:45:00,002 | INFO | Scanning Market...
2026-08-18 05:45:01,111 | INFO | [PHASE 7] BTC-USDT Buffer Warming: 1/288 blocks (Failed Closed)
2026-08-18 05:45:02,351 | INFO | [PHASE 7] ETH-USDT Buffer Warming: 1/288 blocks (Failed Closed)
2026-08-18 05:45:03,270 | INFO | [PHASE 7] SOL-USDT Buffer Warming: 1/288 blocks (Failed Closed)
2026-08-18 05:45:04,334 | INFO | [PHASE 7] XRP-USDT Buffer Warming: 1/288 blocks (Failed Closed)
2026-08-18 05:45:04,790 | WARNING | Institutional data failure for XRP-USDT: InstitutionalDataEngine.get_snapshot() missing 1 required positional argument: 'timeframe'
2026-08-18 05:45:04,802 | WARNING | Kronos data missing for symbol: XRP-USDT
2026-08-18 05:45:04,813 | INFO | Legacy Signals Ignored (Quarantined): 4
2026-08-18 05:45:05,029 | INFO | XRP-USDT -> HOLD
2026-08-18 05:45:05,244 | INFO | ETH-USDT -> HOLD
2026-08-18 05:45:05,455 | INFO | BTC-USDT -> HOLD
2026-08-18 05:45:05,909 | INFO | SOL-USDT -> HOLD
2026-08-18 05:45:05,909 | INFO | Open Positions: 0
2026-08-18 05:45:05,909 | INFO | Market Scan Complete
2026-08-18 05:50:00,000 | INFO | ======================================================================
2026-08-18 05:50:00,000 | INFO | Scanning Market...
2026-08-18 05:50:03,787 | INFO | [PHASE 7] BTC-USDT Buffer Warming: 2/288 blocks (Failed Closed)
2026-08-18 05:50:06,277 | INFO | [PHASE 7] ETH-USDT Buffer Warming: 2/288 blocks (Failed Closed)
2026-08-18 05:50:08,909 | INFO | [PHASE 7] SOL-USDT Buffer Warming: 2/288 blocks (Failed Closed)
2026-08-18 05:50:11,149 | INFO | [PHASE 7] XRP-USDT Buffer Warming: 2/288 blocks (Failed Closed)
2026-08-18 05:50:11,328 | ERROR | BTC-USDT: ('Connection aborted.', ConnectionResetError(10054, 'An existing connection was forcibly closed by the remote host', None, 10054, None)) (failure #1)
2026-08-18 05:50:11,328 | ERROR | ETH-USDT: ('Connection aborted.', ConnectionResetError(10054, 'An existing connection was forcibly closed by the remote host', None, 10054, None)) (failure #1)
2026-08-18 05:50:11,329 | ERROR | SOL-USDT: ('Connection aborted.', ConnectionResetError(10054, 'An existing connection was forcibly closed by the remote host', None, 10054, None)) (failure #1)
2026-08-18 05:50:11,350 | ERROR | XRP-USDT: ('Connection aborted.', ConnectionResetError(10054, 'An existing connection was forcibly closed by the remote host', None, 10054, None)) (failure #1)
2026-08-18 05:50:11,351 | ERROR | Scanner failed symbols this cycle: BTC-USDT, ETH-USDT, SOL-USDT, XRP-USDT
2026-08-18 05:50:11,351 | INFO | Legacy Signals Ignored (Quarantined): 0
2026-08-18 05:50:11,936 | INFO | XRP-USDT -> HOLD
2026-08-18 05:50:12,112 | ERROR | Protection update failed for ETH-USDT: ('Connection aborted.', ConnectionResetError(10054, 'An existing connection was forcibly closed by the remote host', None, 10054, None))
2026-08-18 05:50:12,287 | ERROR | Protection update failed for BTC-USDT: ('Connection aborted.', ConnectionResetError(10054, 'An existing connection was forcibly closed by the remote host', None, 10054, None))
2026-08-18 05:50:12,868 | INFO | SOL-USDT -> HOLD
2026-08-18 05:50:12,868 | ERROR | Entering PROTECTION_ONLY mode. New entries are blocked.
2026-08-18 05:50:12,868 | WARNING | New signal entries blocked. Engine State: PROTECTION_ONLY, Protection Only: True
2026-08-18 05:50:12,868 | INFO | Open Positions: 0
2026-08-18 05:50:12,868 | INFO | Market Scan Complete
2026-08-18 05:55:00,000 | INFO | ======================================================================
2026-08-18 05:55:00,000 | INFO | Scanning Market...
2026-08-18 05:55:01,037 | INFO | [PHASE 7] BTC-USDT Buffer Warming: 3/288 blocks (Failed Closed)
2026-08-18 05:55:02,027 | INFO | [PHASE 7] ETH-USDT Buffer Warming: 3/288 blocks (Failed Closed)
2026-08-18 05:55:02,921 | INFO | [PHASE 7] SOL-USDT Buffer Warming: 3/288 blocks (Failed Closed)
2026-08-18 05:55:03,950 | INFO | [PHASE 7] XRP-USDT Buffer Warming: 3/288 blocks (Failed Closed)
2026-08-18 05:55:04,332 | INFO | Legacy Signals Ignored (Quarantined): 4
2026-08-18 05:55:04,544 | INFO | XRP-USDT -> HOLD
2026-08-18 05:55:04,774 | INFO | ETH-USDT -> HOLD
2026-08-18 05:55:04,999 | INFO | BTC-USDT -> HOLD
2026-08-18 05:55:05,226 | INFO | SOL-USDT -> HOLD
2026-08-18 05:55:05,226 | WARNING | New signal entries blocked. Engine State: PROTECTION_ONLY, Protection Only: True
2026-08-18 05:55:05,226 | INFO | Open Positions: 0
2026-08-18 05:55:05,226 | INFO | Market Scan Complete
2026-08-18 06:00:00,000 | INFO | ======================================================================
2026-08-18 06:00:00,000 | INFO | Scanning Market...
2026-08-18 06:00:02,960 | INFO | [PHASE 7] BTC-USDT Buffer Warming: 4/288 blocks (Failed Closed)
2026-08-18 06:00:05,105 | INFO | [PHASE 7] ETH-USDT Buffer Warming: 4/288 blocks (Failed Closed)
2026-08-18 06:00:07,622 | INFO | [PHASE 7] SOL-USDT Buffer Warming: 4/288 blocks (Failed Closed)
2026-08-18 06:00:09,579 | INFO | [PHASE 7] XRP-USDT Buffer Warming: 4/288 blocks (Failed Closed)
2026-08-18 06:00:09,782 | ERROR | ETH-USDT: ('Connection aborted.', ConnectionResetError(10054, 'An existing connection was forcibly closed by the remote host', None, 10054, None)) (failure #1)
2026-08-18 06:00:09,790 | ERROR | BTC-USDT: ('Connection aborted.', ConnectionResetError(10054, 'An existing connection was forcibly closed by the remote host', None, 10054, None)) (failure #1)
2026-08-18 06:00:10,198 | WARNING | Institutional data failure for SOL-USDT: InstitutionalDataEngine.get_snapshot() missing 1 required positional argument: 'timeframe'
2026-08-18 06:00:10,209 | WARNING | Kronos data missing for symbol: SOL-USDT
2026-08-18 06:00:10,218 | ERROR | Scanner failed symbols this cycle: BTC-USDT, ETH-USDT
2026-08-18 06:00:10,218 | INFO | Legacy Signals Ignored (Quarantined): 2
2026-08-18 06:00:10,423 | ERROR | Protection update failed for XRP-USDT: ('Connection aborted.', ConnectionResetError(10054, 'An existing connection was forcibly closed by the remote host', None, 10054, None))
2026-08-18 06:00:11,066 | INFO | ETH-USDT -> HOLD
2026-08-18 06:00:11,263 | ERROR | Protection update failed for BTC-USDT: ('Connection aborted.', ConnectionResetError(10054, 'An existing connection was forcibly closed by the remote host', None, 10054, None))
2026-08-18 06:00:11,455 | ERROR | Protection update failed for SOL-USDT: ('Connection aborted.', ConnectionResetError(10054, 'An existing connection was forcibly closed by the remote host', None, 10054, None))
2026-08-18 06:00:11,455 | WARNING | New signal entries blocked. Engine State: PROTECTION_ONLY, Protection Only: True
2026-08-18 06:00:11,455 | INFO | Open Positions: 0
2026-08-18 06:00:11,455 | INFO | Market Scan Complete
2026-08-18 06:05:00,000 | INFO | ======================================================================
2026-08-18 06:05:00,000 | INFO | Scanning Market...
2026-08-18 06:05:02,828 | INFO | [PHASE 7] BTC-USDT Buffer Warming: 5/288 blocks (Failed Closed)
2026-08-18 06:05:05,023 | INFO | [PHASE 7] ETH-USDT Buffer Warming: 5/288 blocks (Failed Closed)
2026-08-18 06:05:07,544 | INFO | [PHASE 7] SOL-USDT Buffer Warming: 5/288 blocks (Failed Closed)
2026-08-18 06:05:09,891 | INFO | [PHASE 7] XRP-USDT Buffer Warming: 5/288 blocks (Failed Closed)
2026-08-18 06:05:10,103 | ERROR | BTC-USDT: ('Connection aborted.', ConnectionResetError(10054, 'An existing connection was forcibly closed by the remote host', None, 10054, None)) (failure #2)
2026-08-18 06:05:10,113 | ERROR | ETH-USDT: ('Connection aborted.', ConnectionResetError(10054, 'An existing connection was forcibly closed by the remote host', None, 10054, None)) (failure #2)
2026-08-18 06:05:10,594 | ERROR | Scanner failed symbols this cycle: BTC-USDT, ETH-USDT
2026-08-18 06:05:10,594 | INFO | Legacy Signals Ignored (Quarantined): 2
2026-08-18 06:05:11,269 | INFO | XRP-USDT -> HOLD
2026-08-18 06:05:11,476 | ERROR | Protection update failed for ETH-USDT: ('Connection aborted.', ConnectionResetError(10054, 'An existing connection was forcibly closed by the remote host', None, 10054, None))
2026-08-18 06:05:12,193 | INFO | BTC-USDT -> HOLD
2026-08-18 06:05:12,413 | ERROR | Protection update failed for SOL-USDT: ('Connection aborted.', ConnectionResetError(10054, 'An existing connection was forcibly closed by the remote host', None, 10054, None))
2026-08-18 06:05:12,413 | WARNING | New signal entries blocked. Engine State: PROTECTION_ONLY, Protection Only: True
2026-08-18 06:05:12,413 | INFO | Open Positions: 0
2026-08-18 06:05:12,413 | INFO | Market Scan Complete
2026-08-18 06:10:00,000 | INFO | ======================================================================
2026-08-18 06:10:00,000 | INFO | Scanning Market...
2026-08-18 06:10:01,725 | INFO | [PHASE 7] BTC-USDT Buffer Warming: 6/288 blocks (Failed Closed)
2026-08-18 06:10:03,429 | INFO | [PHASE 7] ETH-USDT Buffer Warming: 6/288 blocks (Failed Closed)
2026-08-18 06:10:04,782 | INFO | [PHASE 7] SOL-USDT Buffer Warming: 6/288 blocks (Failed Closed)
2026-08-18 06:10:05,773 | INFO | [PHASE 7] XRP-USDT Buffer Warming: 6/288 blocks (Failed Closed)
2026-08-18 06:10:06,191 | INFO | Legacy Signals Ignored (Quarantined): 4
2026-08-18 06:10:06,355 | INFO | XRP-USDT -> HOLD
2026-08-18 06:10:06,499 | INFO | ETH-USDT -> HOLD
2026-08-18 06:10:06,654 | INFO | BTC-USDT -> HOLD
2026-08-18 06:10:07,531 | INFO | SOL-USDT -> HOLD
2026-08-18 06:10:07,531 | WARNING | New signal entries blocked. Engine State: PROTECTION_ONLY, Protection Only: True
2026-08-18 06:10:07,531 | INFO | Open Positions: 0
2026-08-18 06:10:07,531 | INFO | Market Scan Complete
2026-08-18 06:15:00,000 | INFO | ======================================================================
2026-08-18 06:15:00,000 | INFO | Scanning Market...
2026-08-18 06:15:00,923 | INFO | [PHASE 7] BTC-USDT Buffer Warming: 7/288 blocks (Failed Closed)
2026-08-18 06:15:02,694 | INFO | [PHASE 7] ETH-USDT Buffer Warming: 7/288 blocks (Failed Closed)
2026-08-18 06:15:03,492 | INFO | [PHASE 7] SOL-USDT Buffer Warming: 7/288 blocks (Failed Closed)
2026-08-18 06:15:04,858 | INFO | [PHASE 7] XRP-USDT Buffer Warming: 7/288 blocks (Failed Closed)
2026-08-18 06:15:05,293 | INFO | Legacy Signals Ignored (Quarantined): 4
2026-08-18 06:15:05,502 | INFO | XRP-USDT -> HOLD
2026-08-18 06:15:05,733 | INFO | ETH-USDT -> HOLD
2026-08-18 06:15:05,913 | INFO | BTC-USDT -> HOLD
2026-08-18 06:15:06,061 | INFO | SOL-USDT -> HOLD
2026-08-18 06:15:06,061 | WARNING | New signal entries blocked. Engine State: PROTECTION_ONLY, Protection Only: True
2026-08-18 06:15:06,061 | INFO | Open Positions: 0
2026-08-18 06:15:06,061 | INFO | Market Scan Complete
2026-08-18 06:20:00,000 | INFO | ======================================================================
2026-08-18 06:20:00,000 | INFO | Scanning Market...
2026-08-18 06:20:01,137 | INFO | [PHASE 7] BTC-USDT Buffer Warming: 8/288 blocks (Failed Closed)
2026-08-18 06:20:01,950 | INFO | [PHASE 7] ETH-USDT Buffer Warming: 8/288 blocks (Failed Closed)
2026-08-18 06:20:03,525 | INFO | [PHASE 7] SOL-USDT Buffer Warming: 8/288 blocks (Failed Closed)
2026-08-18 06:20:04,917 | INFO | [PHASE 7] XRP-USDT Buffer Warming: 8/288 blocks (Failed Closed)
2026-08-18 06:20:05,306 | INFO | Legacy Signals Ignored (Quarantined): 4
2026-08-18 06:20:05,473 | INFO | XRP-USDT -> HOLD
2026-08-18 06:20:05,632 | INFO | ETH-USDT -> HOLD
2026-08-18 06:20:05,785 | INFO | BTC-USDT -> HOLD
2026-08-18 06:20:05,939 | INFO | SOL-USDT -> HOLD
2026-08-18 06:20:05,940 | WARNING | New signal entries blocked. Engine State: PROTECTION_ONLY, Protection Only: True
2026-08-18 06:20:05,940 | INFO | Open Positions: 0
2026-08-18 06:20:05,940 | INFO | Market Scan Complete
2026-08-18 06:25:00,000 | INFO | ======================================================================
2026-08-18 06:25:00,000 | INFO | Scanning Market...
2026-08-18 06:25:05,837 | INFO | [PHASE 7] BTC-USDT Probability: NONE (Failed Closed)
2026-08-18 06:25:08,156 | INFO | [PHASE 7] ETH-USDT Buffer Warming: 9/288 blocks (Failed Closed)
2026-08-18 06:25:10,712 | INFO | [PHASE 7] SOL-USDT Buffer Warming: 9/288 blocks (Failed Closed)
2026-08-18 06:25:12,769 | INFO | [PHASE 7] XRP-USDT Buffer Warming: 9/288 blocks (Failed Closed)
2026-08-18 06:25:12,972 | ERROR | BTC-USDT: ('Connection aborted.', ConnectionResetError(10054, 'An existing connection was forcibly closed by the remote host', None, 10054, None)) (failure #1)
2026-08-18 06:25:12,978 | ERROR | SOL-USDT: ('Connection aborted.', ConnectionResetError(10054, 'An existing connection was forcibly closed by the remote host', None, 10054, None)) (failure #1)
2026-08-18 06:25:13,437 | ERROR | Scanner failed symbols this cycle: BTC-USDT, SOL-USDT
2026-08-18 06:25:13,437 | INFO | Legacy Signals Ignored (Quarantined): 2
2026-08-18 06:25:14,087 | INFO | XRP-USDT -> HOLD
2026-08-18 06:25:14,694 | INFO | ETH-USDT -> HOLD
2026-08-18 06:25:15,276 | INFO | BTC-USDT -> HOLD
2026-08-18 06:25:15,477 | ERROR | Protection update failed for SOL-USDT: ('Connection aborted.', ConnectionResetError(10054, 'An existing connection was forcibly closed by the remote host', None, 10054, None))
2026-08-18 06:25:15,477 | WARNING | New signal entries blocked. Engine State: PROTECTION_ONLY, Protection Only: True
2026-08-18 06:25:15,477 | INFO | Open Positions: 0
2026-08-18 06:25:15,477 | INFO | Market Scan Complete
2026-08-18 06:30:00,000 | INFO | ======================================================================
2026-08-18 06:30:00,000 | INFO | Scanning Market...
2026-08-18 06:30:01,034 | INFO | [PHASE 7] BTC-USDT Buffer Warming: 10/288 blocks (Failed Closed)
2026-08-18 06:30:01,923 | INFO | [PHASE 7] ETH-USDT Buffer Warming: 10/288 blocks (Failed Closed)
2026-08-18 06:30:03,451 | INFO | [PHASE 7] SOL-USDT Buffer Warming: 10/288 blocks (Failed Closed)
2026-08-18 06:30:05,066 | INFO | [PHASE 7] XRP-USDT Buffer Warming: 10/288 blocks (Failed Closed)
2026-08-18 06:30:05,429 | INFO | Legacy Signals Ignored (Quarantined): 4
2026-08-18 06:30:05,591 | INFO | XRP-USDT -> HOLD
2026-08-18 06:30:05,747 | INFO | ETH-USDT -> HOLD
2026-08-18 06:30:05,901 | INFO | BTC-USDT -> HOLD
2026-08-18 06:30:06,060 | INFO | SOL-USDT -> HOLD
2026-08-18 06:30:06,060 | WARNING | New signal entries blocked. Engine State: PROTECTION_ONLY, Protection Only: True
2026-08-18 06:30:06,060 | INFO | Open Positions: 0
2026-08-18 06:30:06,060 | INFO | Market Scan Complete
2026-08-18 06:35:00,000 | INFO | ======================================================================
2026-08-18 06:35:00,000 | INFO | Scanning Market...
2026-08-18 06:35:01,148 | INFO | [PHASE 7] BTC-USDT Buffer Warming: 11/288 blocks (Failed Closed)
2026-08-18 06:35:02,280 | INFO | [PHASE 7] ETH-USDT Buffer Warming: 11/288 blocks (Failed Closed)
2026-08-18 06:35:03,292 | INFO | [PHASE 7] SOL-USDT Buffer Warming: 11/288 blocks (Failed Closed)
2026-08-18 06:35:04,520 | INFO | [PHASE 7] XRP-USDT Buffer Warming: 11/288 blocks (Failed Closed)
2026-08-18 06:35:04,918 | INFO | Legacy Signals Ignored (Quarantined): 4
2026-08-18 06:35:05,142 | INFO | XRP-USDT -> HOLD
2026-08-18 06:35:05,376 | INFO | ETH-USDT -> HOLD
2026-08-18 06:35:05,604 | INFO | BTC-USDT -> HOLD
2026-08-18 06:35:05,840 | INFO | SOL-USDT -> HOLD
2026-08-18 06:35:05,840 | WARNING | New signal entries blocked. Engine State: PROTECTION_ONLY, Protection Only: True
2026-08-18 06:35:05,840 | INFO | Open Positions: 0
2026-08-18 06:35:05,840 | INFO | Market Scan Complete
2026-08-18 06:40:00,000 | INFO | ======================================================================
2026-08-18 06:40:00,000 | INFO | Scanning Market...
2026-08-18 06:40:01,562 | INFO | [PHASE 7] BTC-USDT Buffer Warming: 12/288 blocks (Failed Closed)
2026-08-18 06:40:03,308 | INFO | [PHASE 7] ETH-USDT Buffer Warming: 12/288 blocks (Failed Closed)
2026-08-18 06:40:04,681 | INFO | [PHASE 7] SOL-USDT Buffer Warming: 12/288 blocks (Failed Closed)
2026-08-18 06:40:05,988 | INFO | [PHASE 7] XRP-USDT Buffer Warming: 12/288 blocks (Failed Closed)
2026-08-18 06:40:06,464 | INFO | Legacy Signals Ignored (Quarantined): 4
2026-08-18 06:40:06,754 | INFO | XRP-USDT -> HOLD
2026-08-18 06:40:07,250 | INFO | ETH-USDT -> HOLD
2026-08-18 06:40:07,826 | INFO | BTC-USDT -> HOLD
2026-08-18 06:40:08,462 | INFO | SOL-USDT -> HOLD
2026-08-18 06:40:08,462 | WARNING | New signal entries blocked. Engine State: PROTECTION_ONLY, Protection Only: True
2026-08-18 06:40:08,462 | INFO | Open Positions: 0
2026-08-18 06:40:08,462 | INFO | Market Scan Complete
2026-08-18 06:45:00,000 | INFO | ======================================================================
2026-08-18 06:45:00,000 | INFO | Scanning Market...
2026-08-18 06:45:04,121 | INFO | [PHASE 7] BTC-USDT Buffer Warming: 13/288 blocks (Failed Closed)
2026-08-18 06:45:06,258 | INFO | [PHASE 7] ETH-USDT Buffer Warming: 13/288 blocks (Failed Closed)
2026-08-18 06:45:08,789 | INFO | [PHASE 7] SOL-USDT Buffer Warming: 13/288 blocks (Failed Closed)
2026-08-18 06:45:11,004 | INFO | [PHASE 7] XRP-USDT Buffer Warming: 13/288 blocks (Failed Closed)
2026-08-18 06:45:11,201 | ERROR | XRP-USDT: ('Connection aborted.', ConnectionResetError(10054, 'An existing connection was forcibly closed by the remote host', None, 10054, None)) (failure #1)
2026-08-18 06:45:11,206 | ERROR | ETH-USDT: ('Connection aborted.', ConnectionResetError(10054, 'An existing connection was forcibly closed by the remote host', None, 10054, None)) (failure #1)
2026-08-18 06:45:11,209 | ERROR | SOL-USDT: ('Connection aborted.', ConnectionResetError(10054, 'An existing connection was forcibly closed by the remote host', None, 10054, None)) (failure #1)
2026-08-18 06:45:11,667 | ERROR | Scanner failed symbols this cycle: ETH-USDT, SOL-USDT, XRP-USDT
2026-08-18 06:45:11,668 | INFO | Legacy Signals Ignored (Quarantined): 1
2026-08-18 06:45:12,294 | INFO | XRP-USDT -> HOLD
2026-08-18 06:45:12,893 | INFO | ETH-USDT -> HOLD
2026-08-18 06:45:13,092 | ERROR | Protection update failed for BTC-USDT: ('Connection aborted.', ConnectionResetError(10054, 'An existing connection was forcibly closed by the remote host', None, 10054, None))
2026-08-18 06:45:13,294 | ERROR | Protection update failed for SOL-USDT: ('Connection aborted.', ConnectionResetError(10054, 'An existing connection was forcibly closed by the remote host', None, 10054, None))
2026-08-18 06:45:13,294 | WARNING | New signal entries blocked. Engine State: PROTECTION_ONLY, Protection Only: True
2026-08-18 06:45:13,295 | INFO | Open Positions: 0
2026-08-18 06:45:13,295 | INFO | Market Scan Complete
2026-08-18 06:50:00,000 | INFO | ======================================================================
2026-08-18 06:50:00,000 | INFO | Scanning Market...
2026-08-18 06:50:01,492 | INFO | [PHASE 7] BTC-USDT Buffer Warming: 14/288 blocks (Failed Closed)
2026-08-18 06:50:03,128 | INFO | [PHASE 7] ETH-USDT Buffer Warming: 14/288 blocks (Failed Closed)
2026-08-18 06:50:05,036 | INFO | [PHASE 7] SOL-USDT Buffer Warming: 14/288 blocks (Failed Closed)
2026-08-18 06:50:06,845 | INFO | [PHASE 7] XRP-USDT Buffer Warming: 14/288 blocks (Failed Closed)
2026-08-18 06:50:07,262 | INFO | Legacy Signals Ignored (Quarantined): 4
2026-08-18 06:50:07,554 | INFO | XRP-USDT -> HOLD
2026-08-18 06:50:07,943 | INFO | ETH-USDT -> HOLD
2026-08-18 06:50:08,404 | INFO | BTC-USDT -> HOLD
2026-08-18 06:50:08,558 | INFO | SOL-USDT -> HOLD
2026-08-18 06:50:08,558 | WARNING | New signal entries blocked. Engine State: PROTECTION_ONLY, Protection Only: True
2026-08-18 06:50:08,558 | INFO | Open Positions: 0
2026-08-18 06:50:08,558 | INFO | Market Scan Complete
2026-08-18 06:55:00,000 | INFO | ======================================================================
2026-08-18 06:55:00,000 | INFO | Scanning Market...
2026-08-18 06:55:01,122 | INFO | [PHASE 7] BTC-USDT Buffer Warming: 15/288 blocks (Failed Closed)
2026-08-18 06:55:02,024 | INFO | [PHASE 7] ETH-USDT Buffer Warming: 15/288 blocks (Failed Closed)
2026-08-18 06:55:03,475 | INFO | [PHASE 7] SOL-USDT Buffer Warming: 15/288 blocks (Failed Closed)
2026-08-18 06:55:04,776 | INFO | [PHASE 7] XRP-USDT Buffer Warming: 15/288 blocks (Failed Closed)
2026-08-18 06:55:05,135 | INFO | Legacy Signals Ignored (Quarantined): 4
2026-08-18 06:55:05,351 | INFO | XRP-USDT -> HOLD
2026-08-18 06:55:05,606 | INFO | ETH-USDT -> HOLD
2026-08-18 06:55:05,873 | INFO | BTC-USDT -> HOLD
2026-08-18 06:55:06,132 | INFO | SOL-USDT -> HOLD
2026-08-18 06:55:06,132 | WARNING | New signal entries blocked. Engine State: PROTECTION_ONLY, Protection Only: True
2026-08-18 06:55:06,132 | INFO | Open Positions: 0
2026-08-18 06:55:06,132 | INFO | Market Scan Complete
2026-08-18 07:00:00,000 | INFO | ======================================================================
2026-08-18 07:00:00,001 | INFO | Scanning Market...
2026-08-18 07:00:01,403 | INFO | [PHASE 7] BTC-USDT Buffer Warming: 16/288 blocks (Failed Closed)
2026-08-18 07:00:02,870 | INFO | [PHASE 7] ETH-USDT Buffer Warming: 16/288 blocks (Failed Closed)
2026-08-18 07:00:04,251 | INFO | [PHASE 7] SOL-USDT Buffer Warming: 16/288 blocks (Failed Closed)
2026-08-18 07:00:05,949 | INFO | [PHASE 7] XRP-USDT Buffer Warming: 16/288 blocks (Failed Closed)
2026-08-18 07:00:06,397 | INFO | Legacy Signals Ignored (Quarantined): 4
2026-08-18 07:00:06,557 | INFO | XRP-USDT -> HOLD
2026-08-18 07:00:06,739 | INFO | ETH-USDT -> HOLD
2026-08-18 07:00:06,899 | INFO | BTC-USDT -> HOLD
2026-08-18 07:00:07,204 | INFO | SOL-USDT -> HOLD
2026-08-18 07:00:07,204 | WARNING | New signal entries blocked. Engine State: PROTECTION_ONLY, Protection Only: True
2026-08-18 07:00:07,204 | INFO | Open Positions: 0
2026-08-18 07:00:07,204 | INFO | Market Scan Complete
2026-08-18 07:05:00,000 | INFO | ======================================================================
2026-08-18 07:05:00,000 | INFO | Scanning Market...
2026-08-18 07:05:01,297 | INFO | [PHASE 7] BTC-USDT Buffer Warming: 17/288 blocks (Failed Closed)
2026-08-18 07:05:02,366 | INFO | [PHASE 7] ETH-USDT Buffer Warming: 17/288 blocks (Failed Closed)
2026-08-18 07:05:03,400 | INFO | [PHASE 7] SOL-USDT Buffer Warming: 17/288 blocks (Failed Closed)
2026-08-18 07:05:04,917 | INFO | [PHASE 7] XRP-USDT Buffer Warming: 17/288 blocks (Failed Closed)
2026-08-18 07:05:05,340 | INFO | Legacy Signals Ignored (Quarantined): 4
2026-08-18 07:05:05,549 | INFO | XRP-USDT -> HOLD
2026-08-18 07:05:05,703 | INFO | ETH-USDT -> HOLD
2026-08-18 07:05:05,857 | INFO | BTC-USDT -> HOLD
2026-08-18 07:05:06,001 | INFO | SOL-USDT -> HOLD
2026-08-18 07:05:06,001 | WARNING | New signal entries blocked. Engine State: PROTECTION_ONLY, Protection Only: True
2026-08-18 07:05:06,001 | INFO | Open Positions: 0
2026-08-18 07:05:06,001 | INFO | Market Scan Complete
2026-08-18 07:10:00,000 | INFO | ======================================================================
2026-08-18 07:10:00,000 | INFO | Scanning Market...
2026-08-18 07:10:01,373 | INFO | [PHASE 7] BTC-USDT Buffer Warming: 18/288 blocks (Failed Closed)
2026-08-18 07:10:02,793 | INFO | [PHASE 7] ETH-USDT Buffer Warming: 18/288 blocks (Failed Closed)
2026-08-18 07:10:04,393 | INFO | [PHASE 7] SOL-USDT Buffer Warming: 18/288 blocks (Failed Closed)
2026-08-18 07:10:06,066 | INFO | [PHASE 7] XRP-USDT Buffer Warming: 18/288 blocks (Failed Closed)
2026-08-18 07:10:06,493 | INFO | Legacy Signals Ignored (Quarantined): 4
2026-08-18 07:10:06,659 | INFO | XRP-USDT -> HOLD
2026-08-18 07:10:06,842 | INFO | ETH-USDT -> HOLD
2026-08-18 07:10:07,049 | INFO | BTC-USDT -> HOLD
2026-08-18 07:10:07,955 | INFO | SOL-USDT -> HOLD
2026-08-18 07:10:07,955 | WARNING | New signal entries blocked. Engine State: PROTECTION_ONLY, Protection Only: True
2026-08-18 07:10:07,955 | INFO | Open Positions: 0
2026-08-18 07:10:07,955 | INFO | Market Scan Complete
2026-08-18 07:15:00,000 | INFO | ======================================================================
2026-08-18 07:15:00,000 | INFO | Scanning Market...
2026-08-18 07:15:01,288 | INFO | [PHASE 7] BTC-USDT Buffer Warming: 19/288 blocks (Failed Closed)
2026-08-18 07:15:02,251 | INFO | [PHASE 7] ETH-USDT Buffer Warming: 19/288 blocks (Failed Closed)
2026-08-18 07:15:03,308 | INFO | [PHASE 7] SOL-USDT Buffer Warming: 19/288 blocks (Failed Closed)
2026-08-18 07:15:04,512 | INFO | [PHASE 7] XRP-USDT Buffer Warming: 19/288 blocks (Failed Closed)
2026-08-18 07:15:04,933 | INFO | Legacy Signals Ignored (Quarantined): 4
2026-08-18 07:15:05,175 | INFO | XRP-USDT -> HOLD
2026-08-18 07:15:05,394 | INFO | ETH-USDT -> HOLD
2026-08-18 07:15:05,624 | INFO | BTC-USDT -> HOLD
2026-08-18 07:15:05,885 | INFO | SOL-USDT -> HOLD
2026-08-18 07:15:05,885 | WARNING | New signal entries blocked. Engine State: PROTECTION_ONLY, Protection Only: True
2026-08-18 07:15:05,885 | INFO | Open Positions: 0
2026-08-18 07:15:05,885 | INFO | Market Scan Complete
2026-08-18 07:20:00,000 | INFO | ======================================================================
2026-08-18 07:20:00,000 | INFO | Scanning Market...
2026-08-18 07:20:02,064 | INFO | [PHASE 7] BTC-USDT Buffer Warming: 20/288 blocks (Failed Closed)
2026-08-18 07:20:03,783 | INFO | [PHASE 7] ETH-USDT Buffer Warming: 20/288 blocks (Failed Closed)
2026-08-18 07:20:05,472 | INFO | [PHASE 7] SOL-USDT Buffer Warming: 20/288 blocks (Failed Closed)
2026-08-18 07:20:07,035 | INFO | [PHASE 7] XRP-USDT Buffer Warming: 20/288 blocks (Failed Closed)
2026-08-18 07:20:07,493 | INFO | Legacy Signals Ignored (Quarantined): 4
2026-08-18 07:20:07,997 | INFO | XRP-USDT -> HOLD
2026-08-18 07:20:08,244 | INFO | ETH-USDT -> HOLD
2026-08-18 07:20:08,456 | INFO | BTC-USDT -> HOLD
2026-08-18 07:20:08,617 | INFO | SOL-USDT -> HOLD
2026-08-18 07:20:08,617 | WARNING | New signal entries blocked. Engine State: PROTECTION_ONLY, Protection Only: True
2026-08-18 07:20:08,617 | INFO | Open Positions: 0
2026-08-18 07:20:08,617 | INFO | Market Scan Complete
2026-08-18 07:25:00,000 | INFO | ======================================================================
2026-08-18 07:25:00,000 | INFO | Scanning Market...
2026-08-18 07:25:01,517 | INFO | [PHASE 7] BTC-USDT Buffer Warming: 21/288 blocks (Failed Closed)
2026-08-18 07:25:03,189 | INFO | [PHASE 7] ETH-USDT Buffer Warming: 21/288 blocks (Failed Closed)
2026-08-18 07:25:04,697 | INFO | [PHASE 7] SOL-USDT Buffer Warming: 21/288 blocks (Failed Closed)
2026-08-18 07:25:05,955 | INFO | [PHASE 7] XRP-USDT Buffer Warming: 21/288 blocks (Failed Closed)
2026-08-18 07:25:06,465 | INFO | Legacy Signals Ignored (Quarantined): 4
2026-08-18 07:25:06,613 | INFO | XRP-USDT -> HOLD
2026-08-18 07:25:06,765 | INFO | ETH-USDT -> HOLD
2026-08-18 07:25:07,230 | INFO | BTC-USDT -> HOLD
2026-08-18 07:25:07,947 | INFO | SOL-USDT -> HOLD
2026-08-18 07:25:07,947 | WARNING | New signal entries blocked. Engine State: PROTECTION_ONLY, Protection Only: True
2026-08-18 07:25:07,947 | INFO | Open Positions: 0
2026-08-18 07:25:07,947 | INFO | Market Scan Complete
2026-08-18 07:30:00,000 | INFO | ======================================================================
2026-08-18 07:30:00,000 | INFO | Scanning Market...
2026-08-18 07:30:01,559 | INFO | [PHASE 7] BTC-USDT Buffer Warming: 22/288 blocks (Failed Closed)
2026-08-18 07:30:03,231 | INFO | [PHASE 7] ETH-USDT Buffer Warming: 22/288 blocks (Failed Closed)
2026-08-18 07:30:04,582 | INFO | [PHASE 7] SOL-USDT Buffer Warming: 22/288 blocks (Failed Closed)
2026-08-18 07:30:05,956 | INFO | [PHASE 7] XRP-USDT Buffer Warming: 22/288 blocks (Failed Closed)
2026-08-18 07:30:06,388 | INFO | Legacy Signals Ignored (Quarantined): 4
2026-08-18 07:30:06,621 | INFO | XRP-USDT -> HOLD
2026-08-18 07:30:06,834 | INFO | ETH-USDT -> HOLD
2026-08-18 07:30:07,265 | INFO | BTC-USDT -> HOLD
2026-08-18 07:30:07,504 | INFO | SOL-USDT -> HOLD
2026-08-18 07:30:07,504 | WARNING | New signal entries blocked. Engine State: PROTECTION_ONLY, Protection Only: True
2026-08-18 07:30:07,504 | INFO | Open Positions: 0
2026-08-18 07:30:07,504 | INFO | Market Scan Complete
2026-08-18 07:35:00,000 | INFO | ======================================================================
2026-08-18 07:35:00,000 | INFO | Scanning Market...
2026-08-18 07:35:01,277 | INFO | [PHASE 7] BTC-USDT Buffer Warming: 23/288 blocks (Failed Closed)
2026-08-18 07:35:02,197 | INFO | [PHASE 7] ETH-USDT Buffer Warming: 23/288 blocks (Failed Closed)
2026-08-18 07:35:03,383 | INFO | [PHASE 7] SOL-USDT Buffer Warming: 23/288 blocks (Failed Closed)
2026-08-18 07:35:04,741 | INFO | [PHASE 7] XRP-USDT Buffer Warming: 23/288 blocks (Failed Closed)
2026-08-18 07:35:05,182 | INFO | Legacy Signals Ignored (Quarantined): 4
2026-08-18 07:35:05,407 | INFO | XRP-USDT -> HOLD
2026-08-18 07:35:05,617 | INFO | ETH-USDT -> HOLD
2026-08-18 07:35:05,868 | INFO | BTC-USDT -> HOLD
2026-08-18 07:35:06,093 | INFO | SOL-USDT -> HOLD
2026-08-18 07:35:06,093 | WARNING | New signal entries blocked. Engine State: PROTECTION_ONLY, Protection Only: True
2026-08-18 07:35:06,093 | INFO | Open Positions: 0
2026-08-18 07:35:06,093 | INFO | Market Scan Complete
2026-08-18 07:40:00,000 | INFO | ======================================================================
2026-08-18 07:40:00,000 | INFO | Scanning Market...
2026-08-18 07:40:01,663 | INFO | [PHASE 7] BTC-USDT Buffer Warming: 24/288 blocks (Failed Closed)
2026-08-18 07:40:02,740 | INFO | [PHASE 7] ETH-USDT Buffer Warming: 24/288 blocks (Failed Closed)
2026-08-18 07:40:03,832 | INFO | [PHASE 7] SOL-USDT Buffer Warming: 24/288 blocks (Failed Closed)
2026-08-18 07:40:05,252 | INFO | [PHASE 7] XRP-USDT Buffer Warming: 24/288 blocks (Failed Closed)
2026-08-18 07:40:05,688 | INFO | Legacy Signals Ignored (Quarantined): 4
2026-08-18 07:40:05,834 | INFO | XRP-USDT -> HOLD
2026-08-18 07:40:05,980 | INFO | ETH-USDT -> HOLD
2026-08-18 07:40:06,146 | INFO | BTC-USDT -> HOLD
2026-08-18 07:40:06,296 | INFO | SOL-USDT -> HOLD
2026-08-18 07:40:06,297 | WARNING | New signal entries blocked. Engine State: PROTECTION_ONLY, Protection Only: True
2026-08-18 07:40:06,297 | INFO | Open Positions: 0
2026-08-18 07:40:06,297 | INFO | Market Scan Complete
2026-08-25 15:22:39,907 | INFO | ShadowBroker initialized: Order execution is strictly ISOLATED.
2026-08-25 15:22:39,917 | INFO | ShadowBroker initialized: Order execution is strictly ISOLATED.
2026-08-25 15:22:39,918 | INFO | ShadowBroker initialized: Order execution is strictly ISOLATED.
2026-08-25 15:22:39,918 | INFO | ShadowBroker initialized: Order execution is strictly ISOLATED.
2026-08-27 18:12:33,095 | WARNING | Could not load historical data for BTCUSDT: '<' not supported between instances of 'numpy.ndarray' and 'Timestamp'
2026-08-27 18:12:33,245 | WARNING | Could not load historical data for BTCUSDT: '<' not supported between instances of 'numpy.ndarray' and 'Timestamp'
2026-08-27 18:12:34,298 | INFO | ======================================================================
2026-08-27 18:12:34,298 | INFO | Initializing Ophelia Trading Platform
2026-08-27 18:12:34,298 | INFO | ======================================================================
2026-08-27 18:12:34,299 | INFO | Loaded Phase 7 Decision Thresholds for Shadow Mode.
2026-08-27 18:12:34,300 | INFO | Execution mode: PAPER
2026-08-27 18:12:34,300 | INFO | Initialization Complete
2026-08-27 18:12:34,300 | INFO | Watching 4 Coins
2026-08-27 18:12:34,300 | INFO | Trading Engine Ready
2026-08-27 18:12:34,301 | INFO | ======================================================================
2026-08-27 18:12:34,302 | INFO | Scanning Market...
2026-08-27 18:12:34,302 | INFO | [PHASE 7] BTC-USDT Probability: LONG=0.5000 SHORT=0.5000
2026-08-27 18:12:34,302 | INFO | Legacy Signals Ignored (Quarantined): 0
2026-08-27 18:12:34,303 | INFO | Open Positions: 0
2026-08-27 18:12:34,303 | INFO | Market Scan Complete
2026-08-27 18:12:38,646 | INFO | ShadowBroker initialized: Order execution is strictly ISOLATED.
2026-08-27 18:12:38,648 | INFO | ShadowBroker initialized: Order execution is strictly ISOLATED.
2026-08-27 18:12:38,649 | INFO | ShadowBroker initialized: Order execution is strictly ISOLATED.
2026-08-27 18:12:38,651 | INFO | ShadowBroker initialized: Order execution is strictly ISOLATED.
2026-08-27 18:12:40,131 | WARNING | Institutional data failure for BTC-USDT: Simulated DB Crash
2026-08-27 18:12:41,329 | ERROR | [InstWS] Unexpected parse error: Error -3 while decompressing data: invalid stored block lengths
2026-08-27 18:12:41,331 | ERROR | [InstWS] Failed to decompress gzip frame (not plain Ping)
2026-08-27 18:12:41,333 | ERROR | [InstWS] Ticker callback error for BTC-USDT: ValueError: Simulated ticker callback failure
2026-08-29 18:27:31,639 | INFO | ShadowBroker initialized: Order execution is strictly ISOLATED.
2026-08-29 18:27:31,642 | INFO | ShadowBroker initialized: Order execution is strictly ISOLATED.
2026-08-29 18:27:31,643 | INFO | ShadowBroker initialized: Order execution is strictly ISOLATED.
2026-08-29 18:27:31,644 | INFO | ShadowBroker initialized: Order execution is strictly ISOLATED.
2026-09-03 15:07:04,493 | INFO | ======================================================================
2026-09-03 15:07:04,493 | INFO | Initializing Ophelia Trading Platform
2026-09-03 15:07:04,493 | INFO | ======================================================================
2026-09-03 15:07:04,797 | INFO | ======================================================================
2026-09-03 15:07:04,798 | INFO | Initializing Ophelia Trading Platform
2026-09-03 15:07:04,798 | INFO | ======================================================================
2026-09-03 15:07:04,825 | INFO | ======================================================================
2026-09-03 15:07:04,825 | INFO | Initializing Ophelia Trading Platform
2026-09-03 15:07:04,826 | INFO | ======================================================================
2026-09-03 15:07:04,855 | INFO | ======================================================================
2026-09-03 15:07:04,855 | INFO | Initializing Ophelia Trading Platform
2026-09-03 15:07:04,855 | INFO | ======================================================================
2026-09-03 15:07:04,882 | INFO | ======================================================================
2026-09-03 15:07:04,882 | INFO | Initializing Ophelia Trading Platform
2026-09-03 15:07:04,882 | INFO | ======================================================================
2026-09-03 15:07:04,956 | INFO | ======================================================================
2026-09-03 15:07:04,957 | INFO | Initializing Ophelia Trading Platform
2026-09-03 15:07:04,957 | INFO | ======================================================================
2026-09-03 15:07:04,986 | INFO | ======================================================================
2026-09-03 15:07:04,987 | INFO | Initializing Ophelia Trading Platform
2026-09-03 15:07:04,987 | INFO | ======================================================================
2026-09-03 15:07:05,013 | INFO | ======================================================================
2026-09-03 15:07:05,013 | INFO | Initializing Ophelia Trading Platform
2026-09-03 15:07:05,013 | INFO | ======================================================================
2026-09-03 15:07:05,949 | INFO | ======================================================================
2026-09-03 15:07:05,949 | INFO | Initializing Ophelia Trading Platform
2026-09-03 15:07:05,949 | INFO | ======================================================================
2026-09-03 15:07:05,978 | INFO | ======================================================================
2026-09-03 15:07:05,978 | INFO | Initializing Ophelia Trading Platform
2026-09-03 15:07:05,978 | INFO | ======================================================================
2026-09-03 15:07:06,008 | INFO | ======================================================================
2026-09-03 15:07:06,008 | INFO | Initializing Ophelia Trading Platform
2026-09-03 15:07:06,009 | INFO | ======================================================================
2026-09-03 15:07:06,038 | INFO | ======================================================================
2026-09-03 15:07:06,038 | INFO | Initializing Ophelia Trading Platform
2026-09-03 15:07:06,038 | INFO | ======================================================================
2026-09-03 15:07:06,122 | INFO | ======================================================================
2026-09-03 15:07:06,123 | INFO | Initializing Ophelia Trading Platform
2026-09-03 15:07:06,123 | INFO | ======================================================================
2026-09-03 15:07:06,150 | INFO | ======================================================================
2026-09-03 15:07:06,150 | INFO | Initializing Ophelia Trading Platform
2026-09-03 15:07:06,150 | INFO | ======================================================================
2026-09-03 15:07:06,177 | INFO | ======================================================================
2026-09-03 15:07:06,177 | INFO | Initializing Ophelia Trading Platform
2026-09-03 15:07:06,177 | INFO | ======================================================================
